Archive member included because of file (symbol)

/usr/lib/gcc/avr/4.7.2/avr5/libgcc.a(_muluhisi3.o)
                              main.o (__muluhisi3)
/usr/lib/gcc/avr/4.7.2/avr5/libgcc.a(_udivmodsi4.o)
                              main.o (__udivmodsi4)
/usr/lib/gcc/avr/4.7.2/avr5/libgcc.a(_prologue.o)
                              main.o (__prologue_saves__)
/usr/lib/gcc/avr/4.7.2/avr5/libgcc.a(_epilogue.o)
                              main.o (__epilogue_restores__)
/usr/lib/gcc/avr/4.7.2/avr5/libgcc.a(_exit.o)
                              /usr/lib/gcc/avr/4.7.2/../../../../avr/lib/avr5/crtm328p.o (exit)
/usr/lib/gcc/avr/4.7.2/avr5/libgcc.a(_tablejump.o)
                              main.o (__tablejump2__)
/usr/lib/gcc/avr/4.7.2/avr5/libgcc.a(_copy_data.o)
                              main.o (__do_copy_data)
/usr/lib/gcc/avr/4.7.2/avr5/libgcc.a(_clear_bss.o)
                              main.o (__do_clear_bss)
/usr/lib/gcc/avr/4.7.2/avr5/libgcc.a(_umulhisi3.o)
                              /usr/lib/gcc/avr/4.7.2/avr5/libgcc.a(_muluhisi3.o) (__umulhisi3)
/usr/lib/gcc/avr/4.7.2/../../../../avr/lib/avr5/libc.a(utoa.o)
                              main.o (utoa)
/usr/lib/gcc/avr/4.7.2/../../../../avr/lib/avr5/libc.a(sprintf.o)
                              main.o (sprintf)
/usr/lib/gcc/avr/4.7.2/../../../../avr/lib/avr5/libc.a(vfprintf_std.o)
                              /usr/lib/gcc/avr/4.7.2/../../../../avr/lib/avr5/libc.a(sprintf.o) (vfprintf)
/usr/lib/gcc/avr/4.7.2/../../../../avr/lib/avr5/libc.a(strnlen_P.o)
                              /usr/lib/gcc/avr/4.7.2/../../../../avr/lib/avr5/libc.a(vfprintf_std.o) (strnlen_P)
/usr/lib/gcc/avr/4.7.2/../../../../avr/lib/avr5/libc.a(strnlen.o)
                              /usr/lib/gcc/avr/4.7.2/../../../../avr/lib/avr5/libc.a(vfprintf_std.o) (strnlen)
/usr/lib/gcc/avr/4.7.2/../../../../avr/lib/avr5/libc.a(strrev.o)
                              /usr/lib/gcc/avr/4.7.2/../../../../avr/lib/avr5/libc.a(utoa.o) (strrev)
/usr/lib/gcc/avr/4.7.2/../../../../avr/lib/avr5/libc.a(fputc.o)
                              /usr/lib/gcc/avr/4.7.2/../../../../avr/lib/avr5/libc.a(vfprintf_std.o) (fputc)
/usr/lib/gcc/avr/4.7.2/../../../../avr/lib/avr5/libc.a(ultoa_invert.o)
                              /usr/lib/gcc/avr/4.7.2/../../../../avr/lib/avr5/libc.a(vfprintf_std.o) (__ultoa_invert)
/usr/lib/gcc/avr/4.7.2/avr5/libgcc.a(_udivmodhi4.o)
                              /usr/lib/gcc/avr/4.7.2/../../../../avr/lib/avr5/libc.a(utoa.o) (__udivmodhi4)

Allocating common symbols
Common symbol       size              file

inbuf               0x40              main.o
tmp                 0x8               main.o
bytesWritten        0x2               main.o
flag_rx_off         0x1               main.o
logFile             0x20              main.o
flag_rx_ready       0x1               main.o
FileSystemObject    0x22e             main.o
MSG                 0x15              main.o

Memory Configuration

Name             Origin             Length             Attributes
text             0x0000000000000000 0x0000000000020000 xr
data             0x0000000000800060 0x000000000000ffa0 rw !x
eeprom           0x0000000000810000 0x0000000000010000 rw !x
fuse             0x0000000000820000 0x0000000000000400 rw !x
lock             0x0000000000830000 0x0000000000000400 rw !x
signature        0x0000000000840000 0x0000000000000400 rw !x
*default*        0x0000000000000000 0xffffffffffffffff

Linker script and memory map

Address of section .data set to 0x800100
LOAD /usr/lib/gcc/avr/4.7.2/../../../../avr/lib/avr5/crtm328p.o
LOAD main.o
LOAD /usr/lib/gcc/avr/4.7.2/avr5/libgcc.a
LOAD /usr/lib/gcc/avr/4.7.2/../../../../avr/lib/avr5/libc.a
LOAD /usr/lib/gcc/avr/4.7.2/avr5/libgcc.a

.hash
 *(.hash)

.dynsym
 *(.dynsym)

.dynstr
 *(.dynstr)

.gnu.version
 *(.gnu.version)

.gnu.version_d
 *(.gnu.version_d)

.gnu.version_r
 *(.gnu.version_r)

.rel.init
 *(.rel.init)

.rela.init
 *(.rela.init)

.rel.text
 *(.rel.text)
 *(.rel.text.*)
 *(.rel.gnu.linkonce.t*)

.rela.text
 *(.rela.text)
 *(.rela.text.*)
 *(.rela.gnu.linkonce.t*)

.rel.fini
 *(.rel.fini)

.rela.fini
 *(.rela.fini)

.rel.rodata
 *(.rel.rodata)
 *(.rel.rodata.*)
 *(.rel.gnu.linkonce.r*)

.rela.rodata
 *(.rela.rodata)
 *(.rela.rodata.*)
 *(.rela.gnu.linkonce.r*)

.rel.data
 *(.rel.data)
 *(.rel.data.*)
 *(.rel.gnu.linkonce.d*)

.rela.data
 *(.rela.data)
 *(.rela.data.*)
 *(.rela.gnu.linkonce.d*)

.rel.ctors
 *(.rel.ctors)

.rela.ctors
 *(.rela.ctors)

.rel.dtors
 *(.rel.dtors)

.rela.dtors
 *(.rela.dtors)

.rel.got
 *(.rel.got)

.rela.got
 *(.rela.got)

.rel.bss
 *(.rel.bss)

.rela.bss
 *(.rela.bss)

.rel.plt
 *(.rel.plt)

.rela.plt
 *(.rela.plt)

.text           0x0000000000000000     0x3a34
 *(.vectors)
 .vectors       0x0000000000000000       0x68 /usr/lib/gcc/avr/4.7.2/../../../../avr/lib/avr5/crtm328p.o
                0x0000000000000000                __vectors
                0x0000000000000000                __vector_default
 *(.vectors)
 *(.progmem.gcc*)
 .progmem.gcc_sw_table
                0x0000000000000068       0x1e main.o
 *(.progmem*)
                0x0000000000000086                . = ALIGN (0x2)
                0x0000000000000086                __trampolines_start = .
 *(.trampolines)
 .trampolines   0x0000000000000086        0x0 linker stubs
 *(.trampolines*)
                0x0000000000000086                __trampolines_end = .
 *(.jumptables)
 *(.jumptables*)
 *(.lowtext)
 *(.lowtext*)
                0x0000000000000086                __ctors_start = .
 *(.ctors)
                0x0000000000000086                __ctors_end = .
                0x0000000000000086                __dtors_start = .
 *(.dtors)
                0x0000000000000086                __dtors_end = .
 SORT(*)(.ctors)
 SORT(*)(.dtors)
 *(.init0)
 .init0         0x0000000000000086        0x0 /usr/lib/gcc/avr/4.7.2/../../../../avr/lib/avr5/crtm328p.o
                0x0000000000000086                __init
 *(.init0)
 *(.init1)
 *(.init1)
 *(.init2)
 .init2         0x0000000000000086        0xc /usr/lib/gcc/avr/4.7.2/../../../../avr/lib/avr5/crtm328p.o
 *(.init2)
 *(.init3)
 *(.init3)
 *(.init4)
 .init4         0x0000000000000092       0x16 /usr/lib/gcc/avr/4.7.2/avr5/libgcc.a(_copy_data.o)
                0x0000000000000092                __do_copy_data
 .init4         0x00000000000000a8       0x10 /usr/lib/gcc/avr/4.7.2/avr5/libgcc.a(_clear_bss.o)
                0x00000000000000a8                __do_clear_bss
 *(.init4)
 *(.init5)
 *(.init5)
 *(.init6)
 *(.init6)
 *(.init7)
 *(.init7)
 *(.init8)
 *(.init8)
 *(.init9)
 .init9         0x00000000000000b8        0x8 /usr/lib/gcc/avr/4.7.2/../../../../avr/lib/avr5/crtm328p.o
 *(.init9)
 *(.text)
 .text          0x00000000000000c0        0x4 /usr/lib/gcc/avr/4.7.2/../../../../avr/lib/avr5/crtm328p.o
                0x00000000000000c0                __vector_22
                0x00000000000000c0                __vector_1
                0x00000000000000c0                __vector_24
                0x00000000000000c0                __vector_12
                0x00000000000000c0                __bad_interrupt
                0x00000000000000c0                __vector_6
                0x00000000000000c0                __vector_3
                0x00000000000000c0                __vector_23
                0x00000000000000c0                __vector_25
                0x00000000000000c0                __vector_11
                0x00000000000000c0                __vector_13
                0x00000000000000c0                __vector_17
                0x00000000000000c0                __vector_19
                0x00000000000000c0                __vector_7
                0x00000000000000c0                __vector_5
                0x00000000000000c0                __vector_4
                0x00000000000000c0                __vector_9
                0x00000000000000c0                __vector_2
                0x00000000000000c0                __vector_21
                0x00000000000000c0                __vector_15
                0x00000000000000c0                __vector_8
                0x00000000000000c0                __vector_10
                0x00000000000000c0                __vector_16
                0x00000000000000c0                __vector_18
                0x00000000000000c0                __vector_20
 .text          0x00000000000000c4     0x3140 main.o
                0x0000000000000342                clust2sect
                0x000000000000039a                f_mount
                0x00000000000003cc                disk_initialize
                0x0000000000000532                disk_status
                0x0000000000000540                disk_read
                0x00000000000006c4                disk_write
                0x000000000000089a                put_fat
                0x0000000000000aaa                get_fat
                0x0000000000000dda                f_lseek
                0x00000000000011fa                f_read
                0x00000000000016b8                f_open
                0x00000000000022ba                f_write
                0x0000000000002686                disk_ioctl
                0x0000000000002940                f_sync
                0x0000000000002acc                f_close
                0x0000000000002ae8                disk_timerproc
                0x0000000000002b06                get_fattime
                0x0000000000002b0e                USARTInit
                0x0000000000002b2c                USARTReadChar
                0x0000000000002b3a                USARTWriteChar
                0x0000000000002b48                uart_puts
                0x0000000000002b60                __vector_14
                0x0000000000002c8c                softuart_init
                0x0000000000002cbe                softuart_turn_rx_on
                0x0000000000002cc4                softuart_turn_rx_off
                0x0000000000002ccc                softuart_getchar
                0x0000000000002cf8                softuart_kbhit
                0x0000000000002d0a                softuart_flush_input_buffer
                0x0000000000002d14                softuart_can_transmit
                0x0000000000002d1a                softuart_putchar
                0x0000000000002d44                softuart_puts
                0x0000000000002d5c                nRF24AP1_init
                0x0000000000002d82                checkSum
                0x0000000000002d9c                send_ant_packet
                0x0000000000002e14                ant_hr_config
                0x0000000000002f9e                get_ant_msg
                0x0000000000003074                init_sdcard
                0x000000000000309c                sdcard_open
                0x00000000000030b8                sdcard_close
                0x00000000000030c2                sd_check_file
                0x00000000000030e4                gpx_write_header
                0x0000000000003132                gpx_write_footer
                0x000000000000317e                sd_new_pathfile
 .text          0x0000000000003204        0x0 /usr/lib/gcc/avr/4.7.2/avr5/libgcc.a(_muluhisi3.o)
 .text          0x0000000000003204        0x0 /usr/lib/gcc/avr/4.7.2/avr5/libgcc.a(_udivmodsi4.o)
 .text          0x0000000000003204        0x0 /usr/lib/gcc/avr/4.7.2/avr5/libgcc.a(_prologue.o)
 .text          0x0000000000003204        0x0 /usr/lib/gcc/avr/4.7.2/avr5/libgcc.a(_epilogue.o)
 .text          0x0000000000003204        0x0 /usr/lib/gcc/avr/4.7.2/avr5/libgcc.a(_exit.o)
 .text          0x0000000000003204        0x0 /usr/lib/gcc/avr/4.7.2/avr5/libgcc.a(_tablejump.o)
 .text          0x0000000000003204        0x0 /usr/lib/gcc/avr/4.7.2/avr5/libgcc.a(_copy_data.o)
 .text          0x0000000000003204        0x0 /usr/lib/gcc/avr/4.7.2/avr5/libgcc.a(_clear_bss.o)
 .text          0x0000000000003204        0x0 /usr/lib/gcc/avr/4.7.2/avr5/libgcc.a(_umulhisi3.o)
 .text          0x0000000000003204        0x0 /usr/lib/gcc/avr/4.7.2/../../../../avr/lib/avr5/libc.a(utoa.o)
 .text          0x0000000000003204        0x0 /usr/lib/gcc/avr/4.7.2/../../../../avr/lib/avr5/libc.a(sprintf.o)
 .text          0x0000000000003204        0x0 /usr/lib/gcc/avr/4.7.2/../../../../avr/lib/avr5/libc.a(vfprintf_std.o)
 .text          0x0000000000003204        0x0 /usr/lib/gcc/avr/4.7.2/../../../../avr/lib/avr5/libc.a(strnlen_P.o)
 .text          0x0000000000003204        0x0 /usr/lib/gcc/avr/4.7.2/../../../../avr/lib/avr5/libc.a(strnlen.o)
 .text          0x0000000000003204        0x0 /usr/lib/gcc/avr/4.7.2/../../../../avr/lib/avr5/libc.a(strrev.o)
 .text          0x0000000000003204        0x0 /usr/lib/gcc/avr/4.7.2/../../../../avr/lib/avr5/libc.a(fputc.o)
 .text          0x0000000000003204        0x0 /usr/lib/gcc/avr/4.7.2/../../../../avr/lib/avr5/libc.a(ultoa_invert.o)
 .text          0x0000000000003204        0x0 /usr/lib/gcc/avr/4.7.2/avr5/libgcc.a(_udivmodhi4.o)
                0x0000000000003204                . = ALIGN (0x2)
 *(.text.*)
 .text.startup  0x0000000000003204      0x190 main.o
                0x0000000000003204                main
 .text.libgcc.mul
                0x0000000000003394       0x16 /usr/lib/gcc/avr/4.7.2/avr5/libgcc.a(_muluhisi3.o)
                0x0000000000003394                __muluhisi3
 .text.libgcc.div
                0x00000000000033aa        0x0 /usr/lib/gcc/avr/4.7.2/avr5/libgcc.a(_muluhisi3.o)
 .text.libgcc   0x00000000000033aa        0x0 /usr/lib/gcc/avr/4.7.2/avr5/libgcc.a(_muluhisi3.o)
 .text.libgcc.prologue
                0x00000000000033aa        0x0 /usr/lib/gcc/avr/4.7.2/avr5/libgcc.a(_muluhisi3.o)
 .text.libgcc.builtins
                0x00000000000033aa        0x0 /usr/lib/gcc/avr/4.7.2/avr5/libgcc.a(_muluhisi3.o)
 .text.libgcc.fmul
                0x00000000000033aa        0x0 /usr/lib/gcc/avr/4.7.2/avr5/libgcc.a(_muluhisi3.o)
 .text.libgcc.mul
                0x00000000000033aa        0x0 /usr/lib/gcc/avr/4.7.2/avr5/libgcc.a(_udivmodsi4.o)
 .text.libgcc.div
                0x00000000000033aa       0x44 /usr/lib/gcc/avr/4.7.2/avr5/libgcc.a(_udivmodsi4.o)
                0x00000000000033aa                __udivmodsi4
 .text.libgcc   0x00000000000033ee        0x0 /usr/lib/gcc/avr/4.7.2/avr5/libgcc.a(_udivmodsi4.o)
 .text.libgcc.prologue
                0x00000000000033ee        0x0 /usr/lib/gcc/avr/4.7.2/avr5/libgcc.a(_udivmodsi4.o)
 .text.libgcc.builtins
                0x00000000000033ee        0x0 /usr/lib/gcc/avr/4.7.2/avr5/libgcc.a(_udivmodsi4.o)
 .text.libgcc.fmul
                0x00000000000033ee        0x0 /usr/lib/gcc/avr/4.7.2/avr5/libgcc.a(_udivmodsi4.o)
 .text.libgcc.mul
                0x00000000000033ee        0x0 /usr/lib/gcc/avr/4.7.2/avr5/libgcc.a(_prologue.o)
 .text.libgcc.div
                0x00000000000033ee        0x0 /usr/lib/gcc/avr/4.7.2/avr5/libgcc.a(_prologue.o)
 .text.libgcc   0x00000000000033ee        0x0 /usr/lib/gcc/avr/4.7.2/avr5/libgcc.a(_prologue.o)
 .text.libgcc.prologue
                0x00000000000033ee       0x38 /usr/lib/gcc/avr/4.7.2/avr5/libgcc.a(_prologue.o)
                0x00000000000033ee                __prologue_saves__
 .text.libgcc.builtins
                0x0000000000003426        0x0 /usr/lib/gcc/avr/4.7.2/avr5/libgcc.a(_prologue.o)
 .text.libgcc.fmul
                0x0000000000003426        0x0 /usr/lib/gcc/avr/4.7.2/avr5/libgcc.a(_prologue.o)
 .text.libgcc.mul
                0x0000000000003426        0x0 /usr/lib/gcc/avr/4.7.2/avr5/libgcc.a(_epilogue.o)
 .text.libgcc.div
                0x0000000000003426        0x0 /usr/lib/gcc/avr/4.7.2/avr5/libgcc.a(_epilogue.o)
 .text.libgcc   0x0000000000003426        0x0 /usr/lib/gcc/avr/4.7.2/avr5/libgcc.a(_epilogue.o)
 .text.libgcc.prologue
                0x0000000000003426       0x36 /usr/lib/gcc/avr/4.7.2/avr5/libgcc.a(_epilogue.o)
                0x0000000000003426                __epilogue_restores__
 .text.libgcc.builtins
                0x000000000000345c        0x0 /usr/lib/gcc/avr/4.7.2/avr5/libgcc.a(_epilogue.o)
 .text.libgcc.fmul
                0x000000000000345c        0x0 /usr/lib/gcc/avr/4.7.2/avr5/libgcc.a(_epilogue.o)
 .text.libgcc.mul
                0x000000000000345c        0x0 /usr/lib/gcc/avr/4.7.2/avr5/libgcc.a(_exit.o)
 .text.libgcc.div
                0x000000000000345c        0x0 /usr/lib/gcc/avr/4.7.2/avr5/libgcc.a(_exit.o)
 .text.libgcc   0x000000000000345c        0x0 /usr/lib/gcc/avr/4.7.2/avr5/libgcc.a(_exit.o)
 .text.libgcc.prologue
                0x000000000000345c        0x0 /usr/lib/gcc/avr/4.7.2/avr5/libgcc.a(_exit.o)
 .text.libgcc.builtins
                0x000000000000345c        0x0 /usr/lib/gcc/avr/4.7.2/avr5/libgcc.a(_exit.o)
 .text.libgcc.fmul
                0x000000000000345c        0x0 /usr/lib/gcc/avr/4.7.2/avr5/libgcc.a(_exit.o)
 .text.libgcc.mul
                0x000000000000345c        0x0 /usr/lib/gcc/avr/4.7.2/avr5/libgcc.a(_tablejump.o)
 .text.libgcc.div
                0x000000000000345c        0x0 /usr/lib/gcc/avr/4.7.2/avr5/libgcc.a(_tablejump.o)
 .text.libgcc   0x000000000000345c        0xc /usr/lib/gcc/avr/4.7.2/avr5/libgcc.a(_tablejump.o)
                0x000000000000345c                __tablejump2__
                0x0000000000003460                __tablejump__
 .text.libgcc.prologue
                0x0000000000003468        0x0 /usr/lib/gcc/avr/4.7.2/avr5/libgcc.a(_tablejump.o)
 .text.libgcc.builtins
                0x0000000000003468        0x0 /usr/lib/gcc/avr/4.7.2/avr5/libgcc.a(_tablejump.o)
 .text.libgcc.fmul
                0x0000000000003468        0x0 /usr/lib/gcc/avr/4.7.2/avr5/libgcc.a(_tablejump.o)
 .text.libgcc.mul
                0x0000000000003468        0x0 /usr/lib/gcc/avr/4.7.2/avr5/libgcc.a(_copy_data.o)
 .text.libgcc.div
                0x0000000000003468        0x0 /usr/lib/gcc/avr/4.7.2/avr5/libgcc.a(_copy_data.o)
 .text.libgcc   0x0000000000003468        0x0 /usr/lib/gcc/avr/4.7.2/avr5/libgcc.a(_copy_data.o)
 .text.libgcc.prologue
                0x0000000000003468        0x0 /usr/lib/gcc/avr/4.7.2/avr5/libgcc.a(_copy_data.o)
 .text.libgcc.builtins
                0x0000000000003468        0x0 /usr/lib/gcc/avr/4.7.2/avr5/libgcc.a(_copy_data.o)
 .text.libgcc.fmul
                0x0000000000003468        0x0 /usr/lib/gcc/avr/4.7.2/avr5/libgcc.a(_copy_data.o)
 .text.libgcc.mul
                0x0000000000003468        0x0 /usr/lib/gcc/avr/4.7.2/avr5/libgcc.a(_clear_bss.o)
 .text.libgcc.div
                0x0000000000003468        0x0 /usr/lib/gcc/avr/4.7.2/avr5/libgcc.a(_clear_bss.o)
 .text.libgcc   0x0000000000003468        0x0 /usr/lib/gcc/avr/4.7.2/avr5/libgcc.a(_clear_bss.o)
 .text.libgcc.prologue
                0x0000000000003468        0x0 /usr/lib/gcc/avr/4.7.2/avr5/libgcc.a(_clear_bss.o)
 .text.libgcc.builtins
                0x0000000000003468        0x0 /usr/lib/gcc/avr/4.7.2/avr5/libgcc.a(_clear_bss.o)
 .text.libgcc.fmul
                0x0000000000003468        0x0 /usr/lib/gcc/avr/4.7.2/avr5/libgcc.a(_clear_bss.o)
 .text.libgcc.mul
                0x0000000000003468       0x18 /usr/lib/gcc/avr/4.7.2/avr5/libgcc.a(_umulhisi3.o)
                0x0000000000003468                __umulhisi3
 .text.libgcc.div
                0x0000000000003480        0x0 /usr/lib/gcc/avr/4.7.2/avr5/libgcc.a(_umulhisi3.o)
 .text.libgcc   0x0000000000003480        0x0 /usr/lib/gcc/avr/4.7.2/avr5/libgcc.a(_umulhisi3.o)
 .text.libgcc.prologue
                0x0000000000003480        0x0 /usr/lib/gcc/avr/4.7.2/avr5/libgcc.a(_umulhisi3.o)
 .text.libgcc.builtins
                0x0000000000003480        0x0 /usr/lib/gcc/avr/4.7.2/avr5/libgcc.a(_umulhisi3.o)
 .text.libgcc.fmul
                0x0000000000003480        0x0 /usr/lib/gcc/avr/4.7.2/avr5/libgcc.a(_umulhisi3.o)
 .text.avr-libc
                0x0000000000003480       0x2c /usr/lib/gcc/avr/4.7.2/../../../../avr/lib/avr5/libc.a(utoa.o)
                0x0000000000003480                utoa
 .text.avr-libc
                0x00000000000034ac       0x44 /usr/lib/gcc/avr/4.7.2/../../../../avr/lib/avr5/libc.a(sprintf.o)
                0x00000000000034ac                sprintf
 .text.avr-libc
                0x00000000000034f0      0x3b8 /usr/lib/gcc/avr/4.7.2/../../../../avr/lib/avr5/libc.a(vfprintf_std.o)
                0x00000000000034f0                vfprintf
 .text.avr-libc
                0x00000000000038a8       0x16 /usr/lib/gcc/avr/4.7.2/../../../../avr/lib/avr5/libc.a(strnlen_P.o)
                0x00000000000038a8                strnlen_P
 .text.avr-libc
                0x00000000000038be       0x16 /usr/lib/gcc/avr/4.7.2/../../../../avr/lib/avr5/libc.a(strnlen.o)
                0x00000000000038be                strnlen
 .text.avr-libc
                0x00000000000038d4       0x20 /usr/lib/gcc/avr/4.7.2/../../../../avr/lib/avr5/libc.a(strrev.o)
                0x00000000000038d4                strrev
 .text.avr-libc
                0x00000000000038f4       0x58 /usr/lib/gcc/avr/4.7.2/../../../../avr/lib/avr5/libc.a(fputc.o)
                0x00000000000038f4                fputc
 .text.avr-libc
                0x000000000000394c       0xbc /usr/lib/gcc/avr/4.7.2/../../../../avr/lib/avr5/libc.a(ultoa_invert.o)
                0x000000000000394c                __ultoa_invert
 .text.libgcc.mul
                0x0000000000003a08        0x0 /usr/lib/gcc/avr/4.7.2/avr5/libgcc.a(_udivmodhi4.o)
 .text.libgcc.div
                0x0000000000003a08       0x28 /usr/lib/gcc/avr/4.7.2/avr5/libgcc.a(_udivmodhi4.o)
                0x0000000000003a08                __udivmodhi4
 .text.libgcc   0x0000000000003a30        0x0 /usr/lib/gcc/avr/4.7.2/avr5/libgcc.a(_udivmodhi4.o)
 .text.libgcc.prologue
                0x0000000000003a30        0x0 /usr/lib/gcc/avr/4.7.2/avr5/libgcc.a(_udivmodhi4.o)
 .text.libgcc.builtins
                0x0000000000003a30        0x0 /usr/lib/gcc/avr/4.7.2/avr5/libgcc.a(_udivmodhi4.o)
 .text.libgcc.fmul
                0x0000000000003a30        0x0 /usr/lib/gcc/avr/4.7.2/avr5/libgcc.a(_udivmodhi4.o)
                0x0000000000003a30                . = ALIGN (0x2)
 *(.fini9)
 .fini9         0x0000000000003a30        0x0 /usr/lib/gcc/avr/4.7.2/avr5/libgcc.a(_exit.o)
                0x0000000000003a30                exit
                0x0000000000003a30                _exit
 *(.fini9)
 *(.fini8)
 *(.fini8)
 *(.fini7)
 *(.fini7)
 *(.fini6)
 *(.fini6)
 *(.fini5)
 *(.fini5)
 *(.fini4)
 *(.fini4)
 *(.fini3)
 *(.fini3)
 *(.fini2)
 *(.fini2)
 *(.fini1)
 *(.fini1)
 *(.fini0)
 .fini0         0x0000000000003a30        0x4 /usr/lib/gcc/avr/4.7.2/avr5/libgcc.a(_exit.o)
 *(.fini0)
                0x0000000000003a34                _etext = .

.data           0x0000000000800100      0x152 load address 0x0000000000003a34
                0x0000000000800100                PROVIDE (__data_start, .)
 *(.data)
 .data          0x0000000000800100        0x0 /usr/lib/gcc/avr/4.7.2/../../../../avr/lib/avr5/crtm328p.o
 .data          0x0000000000800100        0x1 main.o
 .data          0x0000000000800101        0x0 /usr/lib/gcc/avr/4.7.2/avr5/libgcc.a(_muluhisi3.o)
 .data          0x0000000000800101        0x0 /usr/lib/gcc/avr/4.7.2/avr5/libgcc.a(_udivmodsi4.o)
 .data          0x0000000000800101        0x0 /usr/lib/gcc/avr/4.7.2/avr5/libgcc.a(_prologue.o)
 .data          0x0000000000800101        0x0 /usr/lib/gcc/avr/4.7.2/avr5/libgcc.a(_epilogue.o)
 .data          0x0000000000800101        0x0 /usr/lib/gcc/avr/4.7.2/avr5/libgcc.a(_exit.o)
 .data          0x0000000000800101        0x0 /usr/lib/gcc/avr/4.7.2/avr5/libgcc.a(_tablejump.o)
 .data          0x0000000000800101        0x0 /usr/lib/gcc/avr/4.7.2/avr5/libgcc.a(_copy_data.o)
 .data          0x0000000000800101        0x0 /usr/lib/gcc/avr/4.7.2/avr5/libgcc.a(_clear_bss.o)
 .data          0x0000000000800101        0x0 /usr/lib/gcc/avr/4.7.2/avr5/libgcc.a(_umulhisi3.o)
 .data          0x0000000000800101        0x0 /usr/lib/gcc/avr/4.7.2/../../../../avr/lib/avr5/libc.a(utoa.o)
 .data          0x0000000000800101        0x0 /usr/lib/gcc/avr/4.7.2/../../../../avr/lib/avr5/libc.a(sprintf.o)
 .data          0x0000000000800101        0x0 /usr/lib/gcc/avr/4.7.2/../../../../avr/lib/avr5/libc.a(vfprintf_std.o)
 .data          0x0000000000800101        0x0 /usr/lib/gcc/avr/4.7.2/../../../../avr/lib/avr5/libc.a(strnlen_P.o)
 .data          0x0000000000800101        0x0 /usr/lib/gcc/avr/4.7.2/../../../../avr/lib/avr5/libc.a(strnlen.o)
 .data          0x0000000000800101        0x0 /usr/lib/gcc/avr/4.7.2/../../../../avr/lib/avr5/libc.a(strrev.o)
 .data          0x0000000000800101        0x0 /usr/lib/gcc/avr/4.7.2/../../../../avr/lib/avr5/libc.a(fputc.o)
 .data          0x0000000000800101        0x0 /usr/lib/gcc/avr/4.7.2/../../../../avr/lib/avr5/libc.a(ultoa_invert.o)
 .data          0x0000000000800101        0x0 /usr/lib/gcc/avr/4.7.2/avr5/libgcc.a(_udivmodhi4.o)
 *(.data*)
 *(.rodata)
 .rodata        0x0000000000800101       0x80 main.o
 *(.rodata*)
 .rodata.str1.1
                0x0000000000800181       0xd1 main.o
                                         0xd3 (size before relaxing)
 *(.gnu.linkonce.d*)
                0x0000000000800252                . = ALIGN (0x2)
                0x0000000000800252                _edata = .
                0x0000000000800252                PROVIDE (__data_end, .)

.bss            0x0000000000800252      0x2c5
                0x0000000000800252                PROVIDE (__bss_start, .)
 *(.bss)
 .bss           0x0000000000800252        0x0 /usr/lib/gcc/avr/4.7.2/../../../../avr/lib/avr5/crtm328p.o
 .bss           0x0000000000800252       0x16 main.o
                0x0000000000800252                HR
                0x0000000000800253                i
                0x0000000000800255                qout
                0x0000000000800256                qin
 .bss           0x0000000000800268        0x0 /usr/lib/gcc/avr/4.7.2/avr5/libgcc.a(_muluhisi3.o)
 .bss           0x0000000000800268        0x0 /usr/lib/gcc/avr/4.7.2/avr5/libgcc.a(_udivmodsi4.o)
 .bss           0x0000000000800268        0x0 /usr/lib/gcc/avr/4.7.2/avr5/libgcc.a(_prologue.o)
 .bss           0x0000000000800268        0x0 /usr/lib/gcc/avr/4.7.2/avr5/libgcc.a(_epilogue.o)
 .bss           0x0000000000800268        0x0 /usr/lib/gcc/avr/4.7.2/avr5/libgcc.a(_exit.o)
 .bss           0x0000000000800268        0x0 /usr/lib/gcc/avr/4.7.2/avr5/libgcc.a(_tablejump.o)
 .bss           0x0000000000800268        0x0 /usr/lib/gcc/avr/4.7.2/avr5/libgcc.a(_copy_data.o)
 .bss           0x0000000000800268        0x0 /usr/lib/gcc/avr/4.7.2/avr5/libgcc.a(_clear_bss.o)
 .bss           0x0000000000800268        0x0 /usr/lib/gcc/avr/4.7.2/avr5/libgcc.a(_umulhisi3.o)
 .bss           0x0000000000800268        0x0 /usr/lib/gcc/avr/4.7.2/../../../../avr/lib/avr5/libc.a(utoa.o)
 .bss           0x0000000000800268        0x0 /usr/lib/gcc/avr/4.7.2/../../../../avr/lib/avr5/libc.a(sprintf.o)
 .bss           0x0000000000800268        0x0 /usr/lib/gcc/avr/4.7.2/../../../../avr/lib/avr5/libc.a(vfprintf_std.o)
 .bss           0x0000000000800268        0x0 /usr/lib/gcc/avr/4.7.2/../../../../avr/lib/avr5/libc.a(strnlen_P.o)
 .bss           0x0000000000800268        0x0 /usr/lib/gcc/avr/4.7.2/../../../../avr/lib/avr5/libc.a(strnlen.o)
 .bss           0x0000000000800268        0x0 /usr/lib/gcc/avr/4.7.2/../../../../avr/lib/avr5/libc.a(strrev.o)
 .bss           0x0000000000800268        0x0 /usr/lib/gcc/avr/4.7.2/../../../../avr/lib/avr5/libc.a(fputc.o)
 .bss           0x0000000000800268        0x0 /usr/lib/gcc/avr/4.7.2/../../../../avr/lib/avr5/libc.a(ultoa_invert.o)
 .bss           0x0000000000800268        0x0 /usr/lib/gcc/avr/4.7.2/avr5/libgcc.a(_udivmodhi4.o)
 *(.bss*)
 *(COMMON)
 COMMON         0x0000000000800268      0x2af main.o
                0x0000000000800268                inbuf
                0x00000000008002a8                tmp
                0x00000000008002b0                bytesWritten
                0x00000000008002b2                flag_rx_off
                0x00000000008002b3                logFile
                0x00000000008002d3                flag_rx_ready
                0x00000000008002d4                FileSystemObject
                0x0000000000800502                MSG
                0x0000000000800517                PROVIDE (__bss_end, .)
                0x0000000000003a34                __data_load_start = LOADADDR (.data)
                0x0000000000003b86                __data_load_end = (__data_load_start + SIZEOF (.data))

.noinit         0x0000000000800517        0x0
                0x0000000000800517                PROVIDE (__noinit_start, .)
 *(.noinit*)
                0x0000000000800517                PROVIDE (__noinit_end, .)
                0x0000000000800517                _end = .
                0x0000000000800517                PROVIDE (__heap_start, .)

.eeprom         0x0000000000810000        0x0
 *(.eeprom*)
                0x0000000000810000                __eeprom_end = .

.fuse
 *(.fuse)
 *(.lfuse)
 *(.hfuse)
 *(.efuse)

.lock
 *(.lock*)

.signature
 *(.signature*)

.stab           0x0000000000000000     0x7ff8
 *(.stab)
 .stab          0x0000000000000000      0x6cc /usr/lib/gcc/avr/4.7.2/../../../../avr/lib/avr5/crtm328p.o
 .stab          0x00000000000006cc     0x56a0 main.o
                                       0x56ac (size before relaxing)
 .stab          0x0000000000005d6c       0xcc /usr/lib/gcc/avr/4.7.2/avr5/libgcc.a(_muluhisi3.o)
                                         0xd8 (size before relaxing)
 .stab          0x0000000000005e38      0x228 /usr/lib/gcc/avr/4.7.2/avr5/libgcc.a(_udivmodsi4.o)
                                        0x234 (size before relaxing)
 .stab          0x0000000000006060      0x1a4 /usr/lib/gcc/avr/4.7.2/avr5/libgcc.a(_prologue.o)
                                        0x1b0 (size before relaxing)
 .stab          0x0000000000006204      0x1a4 /usr/lib/gcc/avr/4.7.2/avr5/libgcc.a(_epilogue.o)
                                        0x1b0 (size before relaxing)
 .stab          0x00000000000063a8       0x6c /usr/lib/gcc/avr/4.7.2/avr5/libgcc.a(_exit.o)
                                         0x78 (size before relaxing)
 .stab          0x0000000000006414       0xcc /usr/lib/gcc/avr/4.7.2/avr5/libgcc.a(_tablejump.o)
                                         0xd8 (size before relaxing)
 .stab          0x00000000000064e0       0xd8 /usr/lib/gcc/avr/4.7.2/avr5/libgcc.a(_copy_data.o)
                                         0xe4 (size before relaxing)
 .stab          0x00000000000065b8       0xb4 /usr/lib/gcc/avr/4.7.2/avr5/libgcc.a(_clear_bss.o)
                                         0xc0 (size before relaxing)
 .stab          0x000000000000666c       0xe4 /usr/lib/gcc/avr/4.7.2/avr5/libgcc.a(_umulhisi3.o)
                                         0xf0 (size before relaxing)
 .stab          0x0000000000006750      0x12c /usr/lib/gcc/avr/4.7.2/../../../../avr/lib/avr5/libc.a(utoa.o)
                                        0x138 (size before relaxing)
 .stab          0x000000000000687c      0x390 /usr/lib/gcc/avr/4.7.2/../../../../avr/lib/avr5/libc.a(sprintf.o)
                                        0x3d8 (size before relaxing)
 .stab          0x0000000000006c0c      0xa2c /usr/lib/gcc/avr/4.7.2/../../../../avr/lib/avr5/libc.a(vfprintf_std.o)
                                        0xc24 (size before relaxing)
 .stab          0x0000000000007638       0x9c /usr/lib/gcc/avr/4.7.2/../../../../avr/lib/avr5/libc.a(strnlen_P.o)
                                         0xa8 (size before relaxing)
 .stab          0x00000000000076d4       0x9c /usr/lib/gcc/avr/4.7.2/../../../../avr/lib/avr5/libc.a(strnlen.o)
                                         0xa8 (size before relaxing)
 .stab          0x0000000000007770       0xd8 /usr/lib/gcc/avr/4.7.2/../../../../avr/lib/avr5/libc.a(strrev.o)
                                         0xe4 (size before relaxing)
 .stab          0x0000000000007848      0x1d4 /usr/lib/gcc/avr/4.7.2/../../../../avr/lib/avr5/libc.a(fputc.o)
                                        0x3b4 (size before relaxing)
 .stab          0x0000000000007a1c      0x480 /usr/lib/gcc/avr/4.7.2/../../../../avr/lib/avr5/libc.a(ultoa_invert.o)
                                        0x48c (size before relaxing)
 .stab          0x0000000000007e9c      0x15c /usr/lib/gcc/avr/4.7.2/avr5/libgcc.a(_udivmodhi4.o)
                                        0x168 (size before relaxing)

.stabstr        0x0000000000000000     0x2928
 *(.stabstr)
 .stabstr       0x0000000000000000     0x2928 /usr/lib/gcc/avr/4.7.2/../../../../avr/lib/avr5/crtm328p.o

.stab.excl
 *(.stab.excl)

.stab.exclstr
 *(.stab.exclstr)

.stab.index
 *(.stab.index)

.stab.indexstr
 *(.stab.indexstr)

.comment        0x0000000000000000       0x21
 *(.comment)
 .comment       0x0000000000000000       0x21 main.o
                                         0x22 (size before relaxing)
 .comment       0x0000000000000000       0x22 /usr/lib/gcc/avr/4.7.2/../../../../avr/lib/avr5/libc.a(sprintf.o)
 .comment       0x0000000000000000       0x22 /usr/lib/gcc/avr/4.7.2/../../../../avr/lib/avr5/libc.a(vfprintf_std.o)
 .comment       0x0000000000000000       0x22 /usr/lib/gcc/avr/4.7.2/../../../../avr/lib/avr5/libc.a(fputc.o)

.debug
 *(.debug)

.line
 *(.line)

.debug_srcinfo
 *(.debug_srcinfo)

.debug_sfnames
 *(.debug_sfnames)

.debug_aranges
 *(.debug_aranges)

.debug_pubnames
 *(.debug_pubnames)

.debug_info
 *(.debug_info)
 *(.gnu.linkonce.wi.*)

.debug_abbrev
 *(.debug_abbrev)

.debug_line
 *(.debug_line)

.debug_frame
 *(.debug_frame)

.debug_str
 *(.debug_str)

.debug_loc
 *(.debug_loc)

.debug_macinfo
 *(.debug_macinfo)

.debug_pubtypes
 *(.debug_pubtypes)

.debug_ranges
 *(.debug_ranges)

.debug_macro
 *(.debug_macro)
OUTPUT(main.obj elf32-avr)
LOAD linker stubs
