Archive member included because of file (symbol)

/usr/lib/gcc/avr/4.6.2/avr5/libgcc.a(_mulsi3.o)
                              main.o (__mulsi3)
/usr/lib/gcc/avr/4.6.2/avr5/libgcc.a(_udivmodsi4.o)
                              main.o (__udivmodsi4)
/usr/lib/gcc/avr/4.6.2/avr5/libgcc.a(_prologue.o)
                              main.o (__prologue_saves__)
/usr/lib/gcc/avr/4.6.2/avr5/libgcc.a(_epilogue.o)
                              main.o (__epilogue_restores__)
/usr/lib/gcc/avr/4.6.2/avr5/libgcc.a(_exit.o)
                              /usr/lib/gcc/avr/4.6.2/../../../../avr/lib/avr5/crtm328p.o (exit)
/usr/lib/gcc/avr/4.6.2/avr5/libgcc.a(_tablejump.o)
                              main.o (__tablejump2__)
/usr/lib/gcc/avr/4.6.2/avr5/libgcc.a(_copy_data.o)
                              main.o (__do_copy_data)
/usr/lib/gcc/avr/4.6.2/avr5/libgcc.a(_clear_bss.o)
                              main.o (__do_clear_bss)
/usr/lib/gcc/avr/4.6.2/../../../../avr/lib/avr5/libc.a(strcpy.o)
                              main.o (strcpy)
/usr/lib/gcc/avr/4.6.2/../../../../avr/lib/avr5/libc.a(strstr.o)
                              main.o (strstr)
/usr/lib/gcc/avr/4.6.2/../../../../avr/lib/avr5/libc.a(strtok_r.o)
                              main.o (strtok_r)
/usr/lib/gcc/avr/4.6.2/../../../../avr/lib/avr5/libc.a(ultoa.o)
                              main.o (ultoa)
/usr/lib/gcc/avr/4.6.2/../../../../avr/lib/avr5/libc.a(sprintf.o)
                              main.o (sprintf)
/usr/lib/gcc/avr/4.6.2/../../../../avr/lib/avr5/libc.a(vfprintf_std.o)
                              /usr/lib/gcc/avr/4.6.2/../../../../avr/lib/avr5/libc.a(sprintf.o) (vfprintf)
/usr/lib/gcc/avr/4.6.2/../../../../avr/lib/avr5/libc.a(strnlen_P.o)
                              /usr/lib/gcc/avr/4.6.2/../../../../avr/lib/avr5/libc.a(vfprintf_std.o) (strnlen_P)
/usr/lib/gcc/avr/4.6.2/../../../../avr/lib/avr5/libc.a(strnlen.o)
                              /usr/lib/gcc/avr/4.6.2/../../../../avr/lib/avr5/libc.a(vfprintf_std.o) (strnlen)
/usr/lib/gcc/avr/4.6.2/../../../../avr/lib/avr5/libc.a(strrev.o)
                              /usr/lib/gcc/avr/4.6.2/../../../../avr/lib/avr5/libc.a(ultoa.o) (strrev)
/usr/lib/gcc/avr/4.6.2/../../../../avr/lib/avr5/libc.a(fputc.o)
                              /usr/lib/gcc/avr/4.6.2/../../../../avr/lib/avr5/libc.a(vfprintf_std.o) (fputc)
/usr/lib/gcc/avr/4.6.2/../../../../avr/lib/avr5/libc.a(ultoa_invert.o)
                              /usr/lib/gcc/avr/4.6.2/../../../../avr/lib/avr5/libc.a(vfprintf_std.o) (__ultoa_invert)

Allocating common symbols
Common symbol       size              file

bytesWritten        0x2               main.o
logFile             0x20              main.o
logdebug            0x20              main.o
FileSystemObject    0x22e             main.o

Memory Configuration

Name             Origin             Length             Attributes
text             0x00000000         0x00020000         xr
data             0x00800060         0x0000ffa0         rw !x
eeprom           0x00810000         0x00010000         rw !x
*default*        0x00000000         0xffffffff

Linker script and memory map

Address of section .data set to 0x800100
LOAD /usr/lib/gcc/avr/4.6.2/../../../../avr/lib/avr5/crtm328p.o
LOAD main.o
LOAD /usr/lib/gcc/avr/4.6.2/avr5/libgcc.a
LOAD /usr/lib/gcc/avr/4.6.2/../../../../avr/lib/avr5/libc.a
LOAD /usr/lib/gcc/avr/4.6.2/avr5/libgcc.a

.hash
 *(.hash)

.dynsym
 *(.dynsym)

.dynstr
 *(.dynstr)

.gnu.version
 *(.gnu.version)

.gnu.version_d
 *(.gnu.version_d)

.gnu.version_r
 *(.gnu.version_r)

.rel.init
 *(.rel.init)

.rela.init
 *(.rela.init)

.rel.text
 *(.rel.text)
 *(.rel.text.*)
 *(.rel.gnu.linkonce.t*)

.rela.text
 *(.rela.text)
 *(.rela.text.*)
 *(.rela.gnu.linkonce.t*)

.rel.fini
 *(.rel.fini)

.rela.fini
 *(.rela.fini)

.rel.rodata
 *(.rel.rodata)
 *(.rel.rodata.*)
 *(.rel.gnu.linkonce.r*)

.rela.rodata
 *(.rela.rodata)
 *(.rela.rodata.*)
 *(.rela.gnu.linkonce.r*)

.rel.data
 *(.rel.data)
 *(.rel.data.*)
 *(.rel.gnu.linkonce.d*)

.rela.data
 *(.rela.data)
 *(.rela.data.*)
 *(.rela.gnu.linkonce.d*)

.rel.ctors
 *(.rel.ctors)

.rela.ctors
 *(.rela.ctors)

.rel.dtors
 *(.rel.dtors)

.rela.dtors
 *(.rela.dtors)

.rel.got
 *(.rel.got)

.rela.got
 *(.rela.got)

.rel.bss
 *(.rel.bss)

.rela.bss
 *(.rela.bss)

.rel.plt
 *(.rel.plt)

.rela.plt
 *(.rela.plt)

.text           0x00000000     0x40aa
 *(.vectors)
 .vectors       0x00000000       0x68 /usr/lib/gcc/avr/4.6.2/../../../../avr/lib/avr5/crtm328p.o
                0x00000000                __vectors
                0x00000000                __vector_default
 *(.vectors)
 *(.progmem.gcc*)
 .progmem.gcc_sw_table
                0x00000068       0x1e main.o
 *(.progmem*)
                0x00000086                . = ALIGN (0x2)
                0x00000086                __trampolines_start = .
 *(.trampolines)
 .trampolines   0x00000086        0x0 linker stubs
 *(.trampolines*)
                0x00000086                __trampolines_end = .
 *(.jumptables)
 *(.jumptables*)
 *(.lowtext)
 *(.lowtext*)
                0x00000086                __ctors_start = .
 *(.ctors)
                0x00000086                __ctors_end = .
                0x00000086                __dtors_start = .
 *(.dtors)
                0x00000086                __dtors_end = .
 SORT(*)(.ctors)
 SORT(*)(.dtors)
 *(.init0)
 .init0         0x00000086        0x0 /usr/lib/gcc/avr/4.6.2/../../../../avr/lib/avr5/crtm328p.o
                0x00000086                __init
 *(.init0)
 *(.init1)
 *(.init1)
 *(.init2)
 .init2         0x00000086        0xc /usr/lib/gcc/avr/4.6.2/../../../../avr/lib/avr5/crtm328p.o
 *(.init2)
 *(.init3)
 *(.init3)
 *(.init4)
 .init4         0x00000092       0x16 /usr/lib/gcc/avr/4.6.2/avr5/libgcc.a(_copy_data.o)
                0x00000092                __do_copy_data
 .init4         0x000000a8       0x10 /usr/lib/gcc/avr/4.6.2/avr5/libgcc.a(_clear_bss.o)
                0x000000a8                __do_clear_bss
 *(.init4)
 *(.init5)
 *(.init5)
 *(.init6)
 *(.init6)
 *(.init7)
 *(.init7)
 *(.init8)
 *(.init8)
 *(.init9)
 .init9         0x000000b8        0x8 /usr/lib/gcc/avr/4.6.2/../../../../avr/lib/avr5/crtm328p.o
 *(.init9)
 *(.text)
 .text          0x000000c0        0x4 /usr/lib/gcc/avr/4.6.2/../../../../avr/lib/avr5/crtm328p.o
                0x000000c0                __vector_22
                0x000000c0                __vector_1
                0x000000c0                __vector_24
                0x000000c0                __vector_12
                0x000000c0                __bad_interrupt
                0x000000c0                __vector_6
                0x000000c0                __vector_3
                0x000000c0                __vector_23
                0x000000c0                __vector_25
                0x000000c0                __vector_11
                0x000000c0                __vector_13
                0x000000c0                __vector_17
                0x000000c0                __vector_19
                0x000000c0                __vector_7
                0x000000c0                __vector_5
                0x000000c0                __vector_4
                0x000000c0                __vector_9
                0x000000c0                __vector_2
                0x000000c0                __vector_21
                0x000000c0                __vector_15
                0x000000c0                __vector_8
                0x000000c0                __vector_14
                0x000000c0                __vector_10
                0x000000c0                __vector_16
                0x000000c0                __vector_18
                0x000000c0                __vector_20
 .text          0x000000c4     0x2fae main.o
                0x00000342                clust2sect
                0x000003ac                f_mount
                0x000003dc                disk_initialize
                0x00000540                disk_status
                0x0000054e                disk_read
                0x00000730                disk_write
                0x000008e8                put_fat
                0x00000aa4                get_fat
                0x00000e08                f_lseek
                0x00001268                f_read
                0x000017a2                f_open
                0x00002900                f_write
                0x000029b4                disk_ioctl
                0x00002c96                f_sync
                0x00002e20                f_close
                0x00002e38                disk_timerproc
                0x00002e56                get_fattime
                0x00002e60                init_sdcard
                0x00002e92                sdcard_open
                0x00002eae                sdcard_close
                0x00002eb8                sd_check_file
                0x00002eda                gpx_write_header
                0x00002f20                gpx_write_footer
                0x00002f64                sd_new_pathfile
                0x00003020                USARTInit
                0x0000303e                USARTReadChar
                0x0000304c                USARTWriteChar
                0x0000305a                uart_puts
 .text          0x00003072        0x0 /usr/lib/gcc/avr/4.6.2/avr5/libgcc.a(_mulsi3.o)
 .text          0x00003072        0x0 /usr/lib/gcc/avr/4.6.2/avr5/libgcc.a(_udivmodsi4.o)
 .text          0x00003072        0x0 /usr/lib/gcc/avr/4.6.2/avr5/libgcc.a(_prologue.o)
 .text          0x00003072        0x0 /usr/lib/gcc/avr/4.6.2/avr5/libgcc.a(_epilogue.o)
 .text          0x00003072        0x0 /usr/lib/gcc/avr/4.6.2/avr5/libgcc.a(_exit.o)
 .text          0x00003072        0x0 /usr/lib/gcc/avr/4.6.2/avr5/libgcc.a(_tablejump.o)
 .text          0x00003072        0x0 /usr/lib/gcc/avr/4.6.2/avr5/libgcc.a(_copy_data.o)
 .text          0x00003072        0x0 /usr/lib/gcc/avr/4.6.2/avr5/libgcc.a(_clear_bss.o)
 .text          0x00003072        0x0 /usr/lib/gcc/avr/4.6.2/../../../../avr/lib/avr5/libc.a(strcpy.o)
 .text          0x00003072        0x0 /usr/lib/gcc/avr/4.6.2/../../../../avr/lib/avr5/libc.a(strstr.o)
 .text          0x00003072        0x0 /usr/lib/gcc/avr/4.6.2/../../../../avr/lib/avr5/libc.a(strtok_r.o)
 .text          0x00003072        0x0 /usr/lib/gcc/avr/4.6.2/../../../../avr/lib/avr5/libc.a(ultoa.o)
 .text          0x00003072        0x0 /usr/lib/gcc/avr/4.6.2/../../../../avr/lib/avr5/libc.a(sprintf.o)
 .text          0x00003072        0x0 /usr/lib/gcc/avr/4.6.2/../../../../avr/lib/avr5/libc.a(vfprintf_std.o)
 .text          0x00003072        0x0 /usr/lib/gcc/avr/4.6.2/../../../../avr/lib/avr5/libc.a(strnlen_P.o)
 .text          0x00003072        0x0 /usr/lib/gcc/avr/4.6.2/../../../../avr/lib/avr5/libc.a(strnlen.o)
 .text          0x00003072        0x0 /usr/lib/gcc/avr/4.6.2/../../../../avr/lib/avr5/libc.a(strrev.o)
 .text          0x00003072        0x0 /usr/lib/gcc/avr/4.6.2/../../../../avr/lib/avr5/libc.a(fputc.o)
 .text          0x00003072        0x0 /usr/lib/gcc/avr/4.6.2/../../../../avr/lib/avr5/libc.a(ultoa_invert.o)
                0x00003072                . = ALIGN (0x2)
 *(.text.*)
 .text.startup  0x00003072      0x8fa main.o
                0x00003072                main
 .text.libgcc   0x0000396c       0x3e /usr/lib/gcc/avr/4.6.2/avr5/libgcc.a(_mulsi3.o)
                0x0000396c                __mulsi3
 .text.libgcc   0x000039aa       0x44 /usr/lib/gcc/avr/4.6.2/avr5/libgcc.a(_udivmodsi4.o)
                0x000039aa                __udivmodsi4
 .text.libgcc   0x000039ee       0x38 /usr/lib/gcc/avr/4.6.2/avr5/libgcc.a(_prologue.o)
                0x000039ee                __prologue_saves__
 .text.libgcc   0x00003a26       0x36 /usr/lib/gcc/avr/4.6.2/avr5/libgcc.a(_epilogue.o)
                0x00003a26                __epilogue_restores__
 .text.libgcc   0x00003a5c        0x0 /usr/lib/gcc/avr/4.6.2/avr5/libgcc.a(_exit.o)
 .text.libgcc   0x00003a5c        0xc /usr/lib/gcc/avr/4.6.2/avr5/libgcc.a(_tablejump.o)
                0x00003a5c                __tablejump2__
                0x00003a60                __tablejump__
 .text.libgcc   0x00003a68        0x0 /usr/lib/gcc/avr/4.6.2/avr5/libgcc.a(_copy_data.o)
 .text.libgcc   0x00003a68        0x0 /usr/lib/gcc/avr/4.6.2/avr5/libgcc.a(_clear_bss.o)
 .text.avr-libc
                0x00003a68        0xe /usr/lib/gcc/avr/4.6.2/../../../../avr/lib/avr5/libc.a(strcpy.o)
                0x00003a68                strcpy
 .text.avr-libc
                0x00003a76       0x34 /usr/lib/gcc/avr/4.6.2/../../../../avr/lib/avr5/libc.a(strstr.o)
                0x00003a76                strstr
 .text.avr-libc
                0x00003aaa       0x4e /usr/lib/gcc/avr/4.6.2/../../../../avr/lib/avr5/libc.a(strtok_r.o)
                0x00003aaa                strtok_r
 .text.avr-libc
                0x00003af8       0x4a /usr/lib/gcc/avr/4.6.2/../../../../avr/lib/avr5/libc.a(ultoa.o)
                0x00003af8                ultoa
 .text.avr-libc
                0x00003b42       0x44 /usr/lib/gcc/avr/4.6.2/../../../../avr/lib/avr5/libc.a(sprintf.o)
                0x00003b42                sprintf
 .text.avr-libc
                0x00003b86      0x3c0 /usr/lib/gcc/avr/4.6.2/../../../../avr/lib/avr5/libc.a(vfprintf_std.o)
                0x00003b86                vfprintf
 .text.avr-libc
                0x00003f46       0x16 /usr/lib/gcc/avr/4.6.2/../../../../avr/lib/avr5/libc.a(strnlen_P.o)
                0x00003f46                strnlen_P
 .text.avr-libc
                0x00003f5c       0x16 /usr/lib/gcc/avr/4.6.2/../../../../avr/lib/avr5/libc.a(strnlen.o)
                0x00003f5c                strnlen
 .text.avr-libc
                0x00003f72       0x20 /usr/lib/gcc/avr/4.6.2/../../../../avr/lib/avr5/libc.a(strrev.o)
                0x00003f72                strrev
 .text.avr-libc
                0x00003f92       0x58 /usr/lib/gcc/avr/4.6.2/../../../../avr/lib/avr5/libc.a(fputc.o)
                0x00003f92                fputc
 .text.avr-libc
                0x00003fea       0xbc /usr/lib/gcc/avr/4.6.2/../../../../avr/lib/avr5/libc.a(ultoa_invert.o)
                0x00003fea                __ultoa_invert
                0x000040a6                . = ALIGN (0x2)
 *(.fini9)
 .fini9         0x000040a6        0x0 /usr/lib/gcc/avr/4.6.2/avr5/libgcc.a(_exit.o)
                0x000040a6                exit
                0x000040a6                _exit
 *(.fini9)
 *(.fini8)
 *(.fini8)
 *(.fini7)
 *(.fini7)
 *(.fini6)
 *(.fini6)
 *(.fini5)
 *(.fini5)
 *(.fini4)
 *(.fini4)
 *(.fini3)
 *(.fini3)
 *(.fini2)
 *(.fini2)
 *(.fini1)
 *(.fini1)
 *(.fini0)
 .fini0         0x000040a6        0x4 /usr/lib/gcc/avr/4.6.2/avr5/libgcc.a(_exit.o)
 *(.fini0)
                0x000040aa                _etext = .

.data           0x00800100      0x202 load address 0x000040aa
                0x00800100                PROVIDE (__data_start, .)
 *(.data)
 .data          0x00800100        0x0 /usr/lib/gcc/avr/4.6.2/../../../../avr/lib/avr5/crtm328p.o
 .data          0x00800100      0x201 main.o
 .data          0x00800301        0x0 /usr/lib/gcc/avr/4.6.2/avr5/libgcc.a(_mulsi3.o)
 .data          0x00800301        0x0 /usr/lib/gcc/avr/4.6.2/avr5/libgcc.a(_udivmodsi4.o)
 .data          0x00800301        0x0 /usr/lib/gcc/avr/4.6.2/avr5/libgcc.a(_prologue.o)
 .data          0x00800301        0x0 /usr/lib/gcc/avr/4.6.2/avr5/libgcc.a(_epilogue.o)
 .data          0x00800301        0x0 /usr/lib/gcc/avr/4.6.2/avr5/libgcc.a(_exit.o)
 .data          0x00800301        0x0 /usr/lib/gcc/avr/4.6.2/avr5/libgcc.a(_tablejump.o)
 .data          0x00800301        0x0 /usr/lib/gcc/avr/4.6.2/avr5/libgcc.a(_copy_data.o)
 .data          0x00800301        0x0 /usr/lib/gcc/avr/4.6.2/avr5/libgcc.a(_clear_bss.o)
 .data          0x00800301        0x0 /usr/lib/gcc/avr/4.6.2/../../../../avr/lib/avr5/libc.a(strcpy.o)
 .data          0x00800301        0x0 /usr/lib/gcc/avr/4.6.2/../../../../avr/lib/avr5/libc.a(strstr.o)
 .data          0x00800301        0x0 /usr/lib/gcc/avr/4.6.2/../../../../avr/lib/avr5/libc.a(strtok_r.o)
 .data          0x00800301        0x0 /usr/lib/gcc/avr/4.6.2/../../../../avr/lib/avr5/libc.a(ultoa.o)
 .data          0x00800301        0x0 /usr/lib/gcc/avr/4.6.2/../../../../avr/lib/avr5/libc.a(sprintf.o)
 .data          0x00800301        0x0 /usr/lib/gcc/avr/4.6.2/../../../../avr/lib/avr5/libc.a(vfprintf_std.o)
 .data          0x00800301        0x0 /usr/lib/gcc/avr/4.6.2/../../../../avr/lib/avr5/libc.a(strnlen_P.o)
 .data          0x00800301        0x0 /usr/lib/gcc/avr/4.6.2/../../../../avr/lib/avr5/libc.a(strnlen.o)
 .data          0x00800301        0x0 /usr/lib/gcc/avr/4.6.2/../../../../avr/lib/avr5/libc.a(strrev.o)
 .data          0x00800301        0x0 /usr/lib/gcc/avr/4.6.2/../../../../avr/lib/avr5/libc.a(fputc.o)
 .data          0x00800301        0x0 /usr/lib/gcc/avr/4.6.2/../../../../avr/lib/avr5/libc.a(ultoa_invert.o)
 *(.data*)
 *(.rodata)
 *(.rodata*)
 *(.gnu.linkonce.d*)
                0x00800302                . = ALIGN (0x2)
 *fill*         0x00800301        0x1 00
                0x00800302                _edata = .
                0x00800302                PROVIDE (__data_end, .)

.bss            0x00800302      0x277
                0x00800302                PROVIDE (__bss_start, .)
 *(.bss)
 .bss           0x00800302        0x0 /usr/lib/gcc/avr/4.6.2/../../../../avr/lib/avr5/crtm328p.o
 .bss           0x00800302        0x7 main.o
 .bss           0x00800309        0x0 /usr/lib/gcc/avr/4.6.2/avr5/libgcc.a(_mulsi3.o)
 .bss           0x00800309        0x0 /usr/lib/gcc/avr/4.6.2/avr5/libgcc.a(_udivmodsi4.o)
 .bss           0x00800309        0x0 /usr/lib/gcc/avr/4.6.2/avr5/libgcc.a(_prologue.o)
 .bss           0x00800309        0x0 /usr/lib/gcc/avr/4.6.2/avr5/libgcc.a(_epilogue.o)
 .bss           0x00800309        0x0 /usr/lib/gcc/avr/4.6.2/avr5/libgcc.a(_exit.o)
 .bss           0x00800309        0x0 /usr/lib/gcc/avr/4.6.2/avr5/libgcc.a(_tablejump.o)
 .bss           0x00800309        0x0 /usr/lib/gcc/avr/4.6.2/avr5/libgcc.a(_copy_data.o)
 .bss           0x00800309        0x0 /usr/lib/gcc/avr/4.6.2/avr5/libgcc.a(_clear_bss.o)
 .bss           0x00800309        0x0 /usr/lib/gcc/avr/4.6.2/../../../../avr/lib/avr5/libc.a(strcpy.o)
 .bss           0x00800309        0x0 /usr/lib/gcc/avr/4.6.2/../../../../avr/lib/avr5/libc.a(strstr.o)
 .bss           0x00800309        0x0 /usr/lib/gcc/avr/4.6.2/../../../../avr/lib/avr5/libc.a(strtok_r.o)
 .bss           0x00800309        0x0 /usr/lib/gcc/avr/4.6.2/../../../../avr/lib/avr5/libc.a(ultoa.o)
 .bss           0x00800309        0x0 /usr/lib/gcc/avr/4.6.2/../../../../avr/lib/avr5/libc.a(sprintf.o)
 .bss           0x00800309        0x0 /usr/lib/gcc/avr/4.6.2/../../../../avr/lib/avr5/libc.a(vfprintf_std.o)
 .bss           0x00800309        0x0 /usr/lib/gcc/avr/4.6.2/../../../../avr/lib/avr5/libc.a(strnlen_P.o)
 .bss           0x00800309        0x0 /usr/lib/gcc/avr/4.6.2/../../../../avr/lib/avr5/libc.a(strnlen.o)
 .bss           0x00800309        0x0 /usr/lib/gcc/avr/4.6.2/../../../../avr/lib/avr5/libc.a(strrev.o)
 .bss           0x00800309        0x0 /usr/lib/gcc/avr/4.6.2/../../../../avr/lib/avr5/libc.a(fputc.o)
 .bss           0x00800309        0x0 /usr/lib/gcc/avr/4.6.2/../../../../avr/lib/avr5/libc.a(ultoa_invert.o)
 *(.bss*)
 *(COMMON)
 COMMON         0x00800309      0x270 main.o
                0x00800309                bytesWritten
                0x0080030b                logFile
                0x0080032b                logdebug
                0x0080034b                FileSystemObject
                0x00800579                PROVIDE (__bss_end, .)
                0x000040aa                __data_load_start = LOADADDR (.data)
                0x000042ac                __data_load_end = (__data_load_start + SIZEOF (.data))

.noinit         0x00800579        0x0
                0x00800579                PROVIDE (__noinit_start, .)
 *(.noinit*)
                0x00800579                PROVIDE (__noinit_end, .)
                0x00800579                _end = .
                0x00800579                PROVIDE (__heap_start, .)

.eeprom         0x00810000        0x0
 *(.eeprom*)
                0x00810000                __eeprom_end = .

.stab           0x00000000     0x7cbc
 *(.stab)
 .stab          0x00000000      0x6cc /usr/lib/gcc/avr/4.6.2/../../../../avr/lib/avr5/crtm328p.o
 .stab          0x000006cc     0x5094 main.o
                               0x50a0 (size before relaxing)
 .stab          0x00005760      0x1b0 /usr/lib/gcc/avr/4.6.2/avr5/libgcc.a(_mulsi3.o)
                                0x1bc (size before relaxing)
 .stab          0x00005910      0x210 /usr/lib/gcc/avr/4.6.2/avr5/libgcc.a(_udivmodsi4.o)
                                0x21c (size before relaxing)
 .stab          0x00005b20      0x18c /usr/lib/gcc/avr/4.6.2/avr5/libgcc.a(_prologue.o)
                                0x198 (size before relaxing)
 .stab          0x00005cac      0x18c /usr/lib/gcc/avr/4.6.2/avr5/libgcc.a(_epilogue.o)
                                0x198 (size before relaxing)
 .stab          0x00005e38       0x54 /usr/lib/gcc/avr/4.6.2/avr5/libgcc.a(_exit.o)
                                 0x60 (size before relaxing)
 .stab          0x00005e8c       0x84 /usr/lib/gcc/avr/4.6.2/avr5/libgcc.a(_tablejump.o)
                                 0x90 (size before relaxing)
 .stab          0x00005f10       0x9c /usr/lib/gcc/avr/4.6.2/avr5/libgcc.a(_copy_data.o)
                                 0xa8 (size before relaxing)
 .stab          0x00005fac       0x78 /usr/lib/gcc/avr/4.6.2/avr5/libgcc.a(_clear_bss.o)
                                 0x84 (size before relaxing)
 .stab          0x00006024       0x6c /usr/lib/gcc/avr/4.6.2/../../../../avr/lib/avr5/libc.a(strcpy.o)
                                 0x78 (size before relaxing)
 .stab          0x00006090      0x150 /usr/lib/gcc/avr/4.6.2/../../../../avr/lib/avr5/libc.a(strstr.o)
                                0x15c (size before relaxing)
 .stab          0x000061e0      0x204 /usr/lib/gcc/avr/4.6.2/../../../../avr/lib/avr5/libc.a(strtok_r.o)
                                0x210 (size before relaxing)
 .stab          0x000063e4      0x1e0 /usr/lib/gcc/avr/4.6.2/../../../../avr/lib/avr5/libc.a(ultoa.o)
                                0x1ec (size before relaxing)
 .stab          0x000065c4      0x3cc /usr/lib/gcc/avr/4.6.2/../../../../avr/lib/avr5/libc.a(sprintf.o)
                                0x3d8 (size before relaxing)
 .stab          0x00006990      0xabc /usr/lib/gcc/avr/4.6.2/../../../../avr/lib/avr5/libc.a(vfprintf_std.o)
                                0xc9c (size before relaxing)
 .stab          0x0000744c       0x9c /usr/lib/gcc/avr/4.6.2/../../../../avr/lib/avr5/libc.a(strnlen_P.o)
                                 0xa8 (size before relaxing)
 .stab          0x000074e8       0x9c /usr/lib/gcc/avr/4.6.2/../../../../avr/lib/avr5/libc.a(strnlen.o)
                                 0xa8 (size before relaxing)
 .stab          0x00007584       0xd8 /usr/lib/gcc/avr/4.6.2/../../../../avr/lib/avr5/libc.a(strrev.o)
                                 0xe4 (size before relaxing)
 .stab          0x0000765c      0x1e0 /usr/lib/gcc/avr/4.6.2/../../../../avr/lib/avr5/libc.a(fputc.o)
                                0x3c0 (size before relaxing)
 .stab          0x0000783c      0x480 /usr/lib/gcc/avr/4.6.2/../../../../avr/lib/avr5/libc.a(ultoa_invert.o)
                                0x48c (size before relaxing)

.stabstr        0x00000000     0x2ac6
 *(.stabstr)
 .stabstr       0x00000000     0x2ac6 /usr/lib/gcc/avr/4.6.2/../../../../avr/lib/avr5/crtm328p.o

.stab.excl
 *(.stab.excl)

.stab.exclstr
 *(.stab.exclstr)

.stab.index
 *(.stab.index)

.stab.indexstr
 *(.stab.indexstr)

.comment
 *(.comment)

.debug
 *(.debug)

.line
 *(.line)

.debug_srcinfo
 *(.debug_srcinfo)

.debug_sfnames
 *(.debug_sfnames)

.debug_aranges
 *(.debug_aranges)

.debug_pubnames
 *(.debug_pubnames)

.debug_info
 *(.debug_info)
 *(.gnu.linkonce.wi.*)

.debug_abbrev
 *(.debug_abbrev)

.debug_line
 *(.debug_line)

.debug_frame
 *(.debug_frame)

.debug_str
 *(.debug_str)

.debug_loc
 *(.debug_loc)

.debug_macinfo
 *(.debug_macinfo)
OUTPUT(main.obj elf32-avr)
LOAD linker stubs
